[0905/152947.704:ERROR:third_party\crashpad\crashpad\util\win\registration_protocol_win.cc:108] CreateFile: 拒绝访问。 (0x5)
[WARN] The "pnpm" field in package.json is no longer read by pnpm. The following keys were ignored: "pnpm.overrides". See https://pnpm.io/settings for the new home of each setting.
[0905/152949.834:ERROR:third_party\crashpad\crashpad\util\win\registration_protocol_win.cc:108] CreateFile: 拒绝访问。 (0x5)
node:internal/modules/esm/resolve:275
    throw new ERR_MODULE_NOT_FOUND(
          ^

Error [ERR_MODULE_NOT_FOUND]: Cannot find module 'D:\make\Project\FGmagi.github.io\.pnpm-store\v11\links\@\pnpm\10.22.0\a2becbcb7505e9a063c5c23ba6ab466cafa94c787cbb880c01306aeddd376133\node_modules\pnpm\bin\pnpm.cjs' imported from D:\make\Project\FGmagi.github.io\
    at finalizeResolution (node:internal/modules/esm/resolve:275:11)
    at moduleResolve (node:internal/modules/esm/resolve:877:10)
    at defaultResolve (node:internal/modules/esm/resolve:1004:11)
    at #cachedDefaultResolve (node:internal/modules/esm/loader:701:20)
    at #resolveAndMaybeBlockOnLoaderThread (node:internal/modules/esm/loader:721:38)
    at ModuleLoader.resolveSync (node:internal/modules/esm/loader:759:56)
    at #resolve (node:internal/modules/esm/loader:683:17)
    at ModuleLoader.getOrCreateModuleJob (node:internal/modules/esm/loader:603:35)
    at onImport.tracePromise.__proto__ (node:internal/modules/esm/loader:632:32)
    at TracingChannel.tracePromise (node:diagnostics_channel:362:14) {
  code: 'ERR_MODULE_NOT_FOUND',
  url: 'file:///D:/make/Project/FGmagi.github.io/.pnpm-store/v11/links/@/pnpm/10.22.0/a2becbcb7505e9a063c5c23ba6ab466cafa94c787cbb880c01306aeddd376133/node_modules/pnpm/bin/pnpm.cjs'
}

Node.js v24.18.1
